running frozen ReDoS pipeline over 21 pre-registered packages
[1/21] ember-one-way-controls@3.1.0...
  -> status=OK findings=0 elapsed=16.3s
[2/21] @appthreat/sqlite3@9.0.1...
  -> status=OK findings=0 elapsed=17.9s
[3/21] realm@20.2.0...
  -> status=OK findings=0 elapsed=18.3s
[4/21] linux-device@2.1.4...
  -> status=OK findings=0 elapsed=13.5s
[5/21] numbl@0.4.19...
  -> status=OK findings=0 elapsed=13.5s
[6/21] sdenv@1.1.3...
  -> status=OK findings=0 elapsed=14.8s
[7/21] uplink-nodejs@1.2.6...
  -> status=OK findings=0 elapsed=14.8s
[8/21] fuse-napi@2.3.1...
  -> status=OK findings=0 elapsed=16.7s
[9/21] jsmeow@1.0.9...
  -> status=OK findings=0 elapsed=11.5s
[10/21] argon2@0.45.1...
  -> status=OK findings=0 elapsed=13.2s
[11/21] node-addon-api@8.9.2...
  -> status=OK findings=0 elapsed=15.0s
[12/21] @depup/node-addon-api@8.9.2-depup.0...
  -> status=OK findings=0 elapsed=15.3s
[13/21] ssh2@1.17.0...
  -> status=OK findings=0 elapsed=24.1s
[14/21] x11-dri@0.6.0...
  -> status=OK findings=0 elapsed=15.5s
[15/21] multi-spec-parser@0.4.2...
  -> status=OK findings=0 elapsed=14.3s
[16/21] @h1x4dev/node-addon-api@2.0.0...
  -> status=OK findings=0 elapsed=14.5s
[17/21] velociradix@8.3.1...
  -> status=OK findings=0 elapsed=19.8s
[18/21] koffi@3.1.6...
  -> status=OK findings=0 elapsed=16.1s
[19/21] mariasql@0.2.6...
  -> status=OK findings=0 elapsed=14.3s
[20/21] tree-sitter-4dm@2.11.0...
  -> status=OK findings=0 elapsed=14.6s
[21/21] phplike@2.5.12...
  -> status=OK findings=1 elapsed=16.2s
DONE: 21/21 OK, 1 packages with >=1 finding, 1 total findings
